data {
id = "main";
name = "Farmer circuit";
description = "Let's the party begin!";
}

background {
background = "grassland.jpg";
music = "";
}

map {
a1 = "0";
a2 = "azdp";
a3 = "av";
a4 = "av";
a5 = "av";
a6 = "av";
a7 = "av_cd";
a8 = "av";
a9 = "av";
a10 = "av";
a11 = "av";
a12 = "av";
a13 = "av";
a14 = "azdl";
a15 = "0";
b1 = "u-lnb";
b2 = "as";
b3 = "u-pnb";
b4 = "0";
b5 = "0";
b6 = "0";
b7 = "cnp";
b8 = "cdl";
b9 = "0";
b10 = "0";
b11 = "0";
b12 = "0";
b13 = "0";
b14 = "as";
b15 = "0";
c1 = "u-lna";
c2 = "as";
c3 = "u-pna";
c4 = "un";
c5 = "un";
c6 = "uzdl";
c7 = "0";
c8 = "cnp";
c9 = "cdl";
c10 = "0";
c11 = "0";
c12 = "0";
c13 = "0";
c14 = "as";
c15 = "0";
d1 = "0";
d2 = "as";
d3 = "0";
d4 = "0";
d5 = "0";
d6 = "up";
d7 = "0";
d8 = "0";
d9 = "azdp_cn";
d10 = "av";
d11 = "av";
d12 = "av";
d13 = "av";
d14 = "aznl";
d15 = "0";
e1 = "0";
e2 = "as";
e3 = "0";
e4 = "0";
e5 = "0";
e6 = "up";
e7 = "0";
e8 = "0";
e9 = "as";
e10 = "0";
e11 = "0";
e12 = "0";
e13 = "0";
e14 = "0";
e15 = "0";
f1 = "0";
f2 = "as_cp";
f3 = "cv";
f4 = "cv";
f5 = "cvkp";
f6 = "up";
f7 = "0";
f8 = "0";
f9 = "aznp";
f10 = "av";
f11 = "av";
f12 = "av";
f13 = "av";
f14 = "azdl";
f15 = "0";
g1 = "u-lda";
g2 = "as";
g3 = "u-pda";
g4 = "uda";
g5 = "udb";
g6 = "uznl";
g7 = "0";
g8 = "0";
g9 = "0";
g10 = "0";
g11 = "0";
g12 = "0";
g13 = "0";
g14 = "as";
g15 = "0";
h1 = "u-ldb";
h2 = "as";
h3 = "u-pdb";
h4 = "0";
h5 = "0";
h6 = "0";
h7 = "0";
h8 = "0";
h9 = "0";
h10 = "0";
h11 = "0";
h12 = "0";
h13 = "0";
h14 = "as";
h15 = "0";
i1 = "0";
i2 = "aznp";
i3 = "av";
i4 = "av";
i5 = "av";
i6 = "av";
i7 = "av";
i8 = "av";
i9 = "av";
i10 = "av";
i11 = "av";
i12 = "av";
i13 = "av";
i14 = "aznl";
i15 = "0";
j1 = "0";
j2 = "0";
j3 = "0";
j4 = "0";
j5 = "0";
j6 = "0";
j7 = "0";
j8 = "0";
j9 = "0";
j10 = "0";
j11 = "0";
j12 = "0";
j13 = "0";
j14 = "0";
j15 = "0";
}