data {
€id = "main";
€name = "Farmer circuit";
€description = "Let's the party begin!";
}

background {
€background = "grassland";
€music = "a";
}

buildings {
€workhouse = "3:4";
€mill = "10:2";
}

terrain {
€a1 = "0";
€a2 = "wa-curve-dr";
€a3 = "wa-horizontal";
€a4 = "wa-horizontal";
€a5 = "wa-horizontal";
€a6 = "wa-horizontal";
€a7 = "wi-as-right-left+un-down";
€a8 = "wa-horizontal";
€a9 = "wa-horizontal";
€a10 = "wa-horizontal";
€a11 = "wa-horizontal";
€a12 = "wa-horizontal";
€a13 = "wa-horizontal";
€a14 = "wa-curve-dl";
€a15 = "pt-spruce";
€b1 = "c0-switch-blup_b";
€b2 = "wa-vertical";
€b3 = "c0-switch-brup_b";
€b4 = "0";
€b5 = "0";
€b6 = "0";
€b7 = "wu-curve-ur";
€b8 = "wu-curve-dl";
€b9 = "0";
€b10 = "0";
€b11 = "0";
€b12 = "0";
€b13 = "0";
€b14 = "wa-vertical";
€b15 = "pt-spruce";
€c1 = "c0-switch-blup_a";
€c2 = "wa-vertical";
€c3 = "c0-switch-brup_a";
€c4 = "c0-back";
€c5 = "c0-back";
€c6 = "c0-right-up-left";
€c7 = "0";
€c8 = "wu-curve-ur";
€c9 = "wu-curve-dl";
€c10 = "0";
€c11 = "0";
€c12 = "0";
€c13 = "0";
€c14 = "wa-vertical";
€c15 = "pt-spruce";
€d1 = "pt-spruce";
€d2 = "wa-vertical";
€d3 = "0";
€d4 = "0";
€d5 = "pt-spruce";
€d6 = "c0-right";
€d7 = "0";
€d8 = "0";
€d9 = "wi-as-right-down+un-up";
€d10 = "wa-horizontal";
€d11 = "wa-horizontal";
€d12 = "wa-horizontal";
€d13 = "wa-horizontal";
€d14 = "wa-curve-ul";
€d15 = "pt-spruce";
€e1 = "pt-spruce";
€e2 = "wa-vertical";
€e3 = "0";
€e4 = "0";
€e5 = "pt-spruce";
€e6 = "c0-right";
€e7 = "0";
€e8 = "0";
€e9 = "wa-vertical";
€e10 = "pt-spruce";
€e11 = "pt-spruce";
€e12 = "pt-spruce";
€e13 = "pt-spruce";
€e14 = "pt-spruce";
€e15 = "pt-spruce";
€f1 = "pt-spruce";
€f2 = "wi-as-up-down+un-right";
€f3 = "wu-horizontal";
€f4 = "wu-horizontal";
€f5 = "wu-horizontal-end-right";
€f6 = "c0-right";
€f7 = "0";
€f8 = "0";
€f9 = "wa-curve-ur";
€f10 = "wa-horizontal";
€f11 = "wa-horizontal";
€f12 = "wa-horizontal";
€f13 = "wa-horizontal";
€f14 = "wa-curve-dl";
€f15 = "pt-spruce";
€g1 = "c0-switch-fldown_a";
€g2 = "wa-vertical";
€g3 = "c0-switch-frdown_a";
€g4 = "c0-front";
€g5 = "c0-front_b";
€g6 = "c0-right-down";
€g7 = "0";
€g8 = "0";
€g9 = "0";
€g10 = "0";
€g11 = "0";
€g12 = "0";
€g13 = "0";
€g14 = "wa-vertical";
€g15 = "pt-spruce";
€h1 = "c0-switch-fldown_b";
€h2 = "wa-vertical";
€h3 = "c0-switch-frdown_b";
€h4 = "0";
€h5 = "0";
€h6 = "0";
€h7 = "0";
€h8 = "0";
€h9 = "0";
€h10 = "0";
€h11 = "0";
€h12 = "0";
€h13 = "0";
€h14 = "wa-vertical";
€h15 = "pt-spruce";
€i1 = "0";
€i2 = "wa-curve-ur";
€i3 = "wa-horizontal";
€i4 = "wa-horizontal";
€i5 = "wa-horizontal";
€i6 = "wa-horizontal";
€i7 = "wa-horizontal";
€i8 = "wa-horizontal";
€i9 = "wa-horizontal";
€i10 = "wa-horizontal";
€i11 = "wa-horizontal";
€i12 = "wa-horizontal";
€i13 = "wa-horizontal";
€i14 = "wa-curve-ul";
€i15 = "pt-spruce";
€j1 = "0";
€j2 = "0";
€j3 = "0";
€j4 = "0";
€j5 = "0";
€j6 = "0";
€j7 = "0";
€j8 = "0";
€j9 = "0";
€j10 = "0";
€j11 = "0";
€j12 = "0";
€j13 = "0";
€j14 = "pt-spruce";
€j15 = "pt-spruce";
}